住宅着工統計: 44か月（2023-01〜2026-08）
建築物着工統計: 44か月（2023-01〜2026-08）
  2024-01 表6-2-1: ファイルが見つかりません
  2024-01 表7-2-1: ファイルが見つかりません
  2024-01 表6-2 市区町村: 5785件（47都道府県）
  2024-01 表7-2 市区町村: 6998件（47都道府県）
  2024-02 表6-2-1: ファイルが見つかりません
  2024-02 表7-2-1: ファイルが見つかりません
  2024-02 表6-2 市区町村: 5876件（47都道府県）
  2024-02 表7-2 市区町村: 7085件（47都道府県）
  2024-03 表6-2-1: ファイルが見つかりません
  2024-03 表7-2-1: ファイルが見つかりません
  2024-03 表6-2 市区町村: 6064件（47都道府県）
  2024-03 表7-2 市区町村: 7481件（47都道府県）
  2024-04 表6-2-1: ファイルが見つかりません
  2024-04 表7-2-1: ファイルが見つかりません
  2024-04 表6-2 市区町村: 6442件（47都道府県）
  2024-04 表7-2 市区町村: 8036件（47都道府県）
  2024-05 表6-2-1: ファイルが見つかりません
  2024-05 表7-2-1: ファイルが見つかりません
  2024-05 表6-2 市区町村: 6373件（47都道府県）
  2024-05 表7-2 市区町村: 7792件（47都道府県）
  2024-06 表6-2-1: ファイルが見つかりません
  2024-06 表7-2-1: ファイルが見つかりません
  2024-06 表6-2 市区町村: 6461件（47都道府県）
  2024-06 表7-2 市区町村: 8040件（47都道府県）
  2024-07 表6-2-1: ファイルが見つかりません
  2024-07 表7-2-1: ファイルが見つかりません
  2024-07 表6-2 市区町村: 6503件（47都道府県）
  2024-07 表7-2 市区町村: 8157件（47都道府県）
  2024-08 表6-2-1: ファイルが見つかりません
  2024-08 表7-2-1: ファイルが見つかりません
  2024-08 表6-2 市区町村: 6279件（47都道府県）
  2024-08 表7-2 市区町村: 7688件（47都道府県）
  2024-09 表6-2-1: ファイルが見つかりません
  2024-09 表7-2-1: ファイルが見つかりません
  2024-09 表6-2 市区町村: 6393件（47都道府県）
  2024-09 表7-2 市区町村: 8074件（47都道府県）
  2024-10 表6-2-1: ファイルが見つかりません
  2024-10 表7-2-1: ファイルが見つかりません
  2024-10 表6-2 市区町村: 6363件（47都道府県）
  2024-10 表7-2 市区町村: 7997件（47都道府県）
  2024-11 表6-2-1: ファイルが見つかりません
  2024-11 表7-2-1: ファイルが見つかりません
  2024-11 表6-2 市区町村: 6269件（47都道府県）
  2024-11 表7-2 市区町村: 7766件（47都道府県）
  2024-12 表6-2-1: ファイルが見つかりません
  2024-12 表7-2-1: ファイルが見つかりません
  2024-12 表6-2 市区町村: 6128件（47都道府県）
  2024-12 表7-2 市区町村: 7550件（47都道府県）
  2026-06 表6-2: ファイルが見つかりません
  2026-06 表7-2: ファイルが見つかりません
  2026-07 表6-2: ファイルが見つかりません
  2026-07 表7-2: ファイルが見つかりません
  2026-08 表6-2: ファイルが見つかりません
  2026-08 表7-2: ファイルが見つかりません
更新：24ファイル
